// Jest Snapshot v1, https://goo.gl/fbAQLP

exports[`should convert to serializable data structure 1`] = `
Object {
  "docFieldLengths": Array [
    Array [
      3,
      2,
    ],
    Array [
      3,
      2,
    ],
  ],
  "docIds": Array [
    1,
    2,
  ],
  "fields": Array [
    Object {
      "avg": 3,
      "sum": 6,
    },
    Object {
      "avg": 2,
      "sum": 4,
    },
  ],
  "postings": Array [
    Array [
      Array [
        1,
        Array [
          1,
          0,
        ],
      ],
    ],
    Array [
      Array [
        1,
        Array [
          1,
          0,
        ],
      ],
    ],
    Array [
      Array [
        1,
        Array [
          1,
          0,
        ],
      ],
      Array [
        2,
        Array [
          1,
          0,
        ],
      ],
    ],
    Array [
      Array [
        1,
        Array [
          0,
          1,
        ],
      ],
    ],
    Array [
      Array [
        1,
        Array [
          0,
          1,
        ],
      ],
    ],
    Array [
      Array [
        2,
        Array [
          1,
          0,
        ],
      ],
    ],
    Array [
      Array [
        2,
        Array [
          1,
          0,
        ],
      ],
    ],
    Array [
      Array [
        2,
        Array [
          0,
          1,
        ],
      ],
    ],
    Array [
      Array [
        2,
        Array [
          0,
          1,
        ],
      ],
    ],
  ],
  "terms": Array [
    "a",
    "b",
    "c",
    "hello",
    "world",
    "d",
    "e",
    "lorem",
    "ipsum",
  ],
}
`;
