// Jest Snapshot v1, https://goo.gl/fbAQLP

exports[`should convert to serializable data structure 1`] = `
Object {
  "documents": Array [
    Object {
      "fieldLengths": Array [
        3,
        2,
      ],
      "id": 1,
    },
    Object {
      "fieldLengths": Array [
        3,
        2,
      ],
      "id": 2,
    },
  ],
  "fields": Array [
    Object {
      "avg": 3,
      "sum": 6,
    },
    Object {
      "avg": 2,
      "sum": 4,
    },
  ],
  "root": Object {
    "charCode": 0,
    "children": Array [
      Object {
        "charCode": 105,
        "children": Array [
          Object {
            "charCode": 112,
            "children": Array [
              Object {
                "charCode": 115,
                "children": Array [
                  Object {
                    "charCode": 117,
                    "children": Array [
                      Object {
                        "charCode": 109,
                        "postings": Array [
                          Object {
                            "id": 2,
                            "termFrequency": Array [
                              0,
                              1,
                            ],
                          },
                        ],
                      },
                    ],
                  },
                ],
              },
            ],
          },
        ],
      },
      Object {
        "charCode": 108,
        "children": Array [
          Object {
            "charCode": 111,
            "children": Array [
              Object {
                "charCode": 114,
                "children": Array [
                  Object {
                    "charCode": 101,
                    "children": Array [
                      Object {
                        "charCode": 109,
                        "postings": Array [
                          Object {
                            "id": 2,
                            "termFrequency": Array [
                              0,
                              1,
                            ],
                          },
                        ],
                      },
                    ],
                  },
                ],
              },
            ],
          },
        ],
      },
      Object {
        "charCode": 101,
        "postings": Array [
          Object {
            "id": 2,
            "termFrequency": Array [
              1,
              0,
            ],
          },
        ],
      },
      Object {
        "charCode": 100,
        "postings": Array [
          Object {
            "id": 2,
            "termFrequency": Array [
              1,
              0,
            ],
          },
        ],
      },
      Object {
        "charCode": 119,
        "children": Array [
          Object {
            "charCode": 111,
            "children": Array [
              Object {
                "charCode": 114,
                "children": Array [
                  Object {
                    "charCode": 108,
                    "children": Array [
                      Object {
                        "charCode": 100,
                        "postings": Array [
                          Object {
                            "id": 1,
                            "termFrequency": Array [
                              0,
                              1,
                            ],
                          },
                        ],
                      },
                    ],
                  },
                ],
              },
            ],
          },
        ],
      },
      Object {
        "charCode": 104,
        "children": Array [
          Object {
            "charCode": 101,
            "children": Array [
              Object {
                "charCode": 108,
                "children": Array [
                  Object {
                    "charCode": 108,
                    "children": Array [
                      Object {
                        "charCode": 111,
                        "postings": Array [
                          Object {
                            "id": 1,
                            "termFrequency": Array [
                              0,
                              1,
                            ],
                          },
                        ],
                      },
                    ],
                  },
                ],
              },
            ],
          },
        ],
      },
      Object {
        "charCode": 99,
        "postings": Array [
          Object {
            "id": 2,
            "termFrequency": Array [
              1,
              0,
            ],
          },
          Object {
            "id": 1,
            "termFrequency": Array [
              1,
              0,
            ],
          },
        ],
      },
      Object {
        "charCode": 98,
        "postings": Array [
          Object {
            "id": 1,
            "termFrequency": Array [
              1,
              0,
            ],
          },
        ],
      },
      Object {
        "charCode": 97,
        "postings": Array [
          Object {
            "id": 1,
            "termFrequency": Array [
              1,
              0,
            ],
          },
        ],
      },
    ],
  },
}
`;
